[golden-screen-rescue.lovable.app/index.html]
[golden-screen-rescue.lovable.app/__l5e/assets-v1/feb1e3a5-ca4a-4b0e-acb4-a9bd0949a1d4/softline-tv-repairs-logo.png]
[golden-screen-rescue.lovable.app/assets/tv-repair-technician-DNDjrnuy.jpg]
[backblue.gif]
[fade.gif]
[index.html]
[golden-screen-rescue.lovable.app/assets/styles-DEWZ4rud.css]
[golden-screen-rescue.lovable.app/assets/index-k1zUkF6K.js]
[golden-screen-rescue.lovable.app/assets/routes-DAaGnsBD.js]
[golden-screen-rescue.lovable.app/favicon.png]
[golden-screen-rescue.lovable.app/_flock.js]
[golden-screen-rescue.lovable.app/assets/repair-backlight-BBz3nigZ.jpg]
[golden-screen-rescue.lovable.app/assets/repair-soldering-DXcb19p2.jpg]
[golden-screen-rescue.lovable.app/assets/repair-power-board-ZlCzY3wD.jpg]
[golden-screen-rescue.lovable.app/assets/repair-wall-mount-DLVVosCD.jpg]
[golden-screen-rescue.lovable.app/assets/repair-tcon-BoxuaQqo.jpg]
[golden-screen-rescue.lovable.app/assets/repair-refurb-test-BexhUxpC.jpg]
[golden-screen-rescue.lovable.app/assets/repair-home-visit-Ctg12_M9.jpg]
[golden-screen-rescue.lovable.app/index.html]
[golden-screen-rescue.lovable.app/assets/styles-DEWZ4rud.css]
